// Jest Snapshot v1, https://goo.gl/fbAQLP

exports[`dark theme tokens tokens snapshot 1`] = `
{
  "--color-accent": "260 83% 15%",
  "--color-accent-fg": "0 0% 90%",
  "--color-bg": "0 0% 4%",
  "--color-danger": "0 63% 31%",
  "--color-danger-fg": "0 93% 94%",
  "--color-fg": "0 0% 93%",
  "--color-muted": "0 0% 60%",
  "--color-primary": "220 90% 66%",
  "--color-primary-fg": "0 0% 10%",
  "--font-mono": ""Geist Mono", ui-monospace, monospace",
  "--font-sans": ""Geist Sans", system-ui, sans-serif",
  "--radius-lg": "12px",
  "--radius-md": "8px",
  "--radius-sm": "4px",
  "--shadow-lg": "0 10px 15px -3px rgb(0 0 0 / 0.1), 0 4px 6px -4px rgb(0 0 0 / 0.1)",
  "--shadow-md": "0 4px 6px -1px rgb(0 0 0 / 0.1), 0 2px 4px -2px rgb(0 0 0 / 0.1)",
  "--shadow-sm": "0 1px 2px 0 rgb(0 0 0 / 0.05)",
  "--space-1": "4px",
  "--space-2": "8px",
  "--space-3": "12px",
  "--space-4": "16px",
}
`;
