// Jest Snapshot v1, https://goo.gl/fbAQLP

exports[`base theme tokens tokens snapshot 1`] = `
{
  "--color-accent": {
    "dark": "260 83% 70%",
    "light": "260 83% 70%",
  },
  "--color-accent-fg": {
    "dark": "0 0% 10%",
    "light": "0 0% 10%",
  },
  "--color-bg": {
    "dark": "0 0% 4%",
    "light": "0 0% 100%",
  },
  "--color-fg": {
    "dark": "0 0% 93%",
    "light": "0 0% 10%",
  },
  "--color-muted": {
    "dark": "0 0% 60%",
    "light": "0 0% 88%",
  },
  "--color-primary": {
    "dark": "220 90% 66%",
    "light": "220 90% 56%",
  },
  "--color-primary-fg": {
    "dark": "0 0% 10%",
    "light": "0 0% 100%",
  },
  "--font-mono": {
    "light": ""Geist Mono", ui-monospace, monospace",
  },
  "--font-sans": {
    "light": ""Geist Sans", system-ui, sans-serif",
  },
  "--radius-lg": {
    "light": "12px",
  },
  "--radius-md": {
    "light": "8px",
  },
  "--radius-sm": {
    "light": "4px",
  },
  "--shadow-lg": {
    "light": "0 10px 15px -3px rgb(0 0 0 / 0.1), 0 4px 6px -4px rgb(0 0 0 / 0.1)",
  },
  "--shadow-md": {
    "light": "0 4px 6px -1px rgb(0 0 0 / 0.1), 0 2px 4px -2px rgb(0 0 0 / 0.1)",
  },
  "--shadow-sm": {
    "light": "0 1px 2px 0 rgb(0 0 0 / 0.05)",
  },
  "--space-1": {
    "light": "4px",
  },
  "--space-2": {
    "light": "8px",
  },
  "--space-3": {
    "light": "12px",
  },
  "--space-4": {
    "light": "16px",
  },
}
`;
